// Jest Snapshot v1, https://goo.gl/fbAQLP

exports[`PieChart Component renders without crashing 1`] = `
<div>
  <div
    class="chart-container"
  >
    <svg
      height="200px"
      viewBox="-100 -100 200 200"
      width="200px"
    >
      <path
        d="M 0 0 L 100 0 A 100 100 0 0 1 -74.85107481711012 66.31226582407952 Z"
        fill="#ff0000"
      />
      <path
        d="M 0 0 L -74.85107481711012 66.31226582407952 A 100 100 0 1 1 100 -2.4492935982947064e-14 Z"
        fill="#00ff00"
      />
    </svg>
  </div>
</div>
`;
